// Jest Snapshot v1, https://goo.gl/fbAQLP

exports[`Pruebas a <GifGrid /> el componente se debe mostrar correctamente 1`] = `
<Fragment>
  <h3
    className="animate__animated animate__fadeInRight"
  >
    Hola mundo
  </h3>
  <p
    className="animate__animated animate__flash"
  >
    Cargando...
  </p>
  <div
    className="card-grid"
  />
</Fragment>
`;
